INFO:lora-to-gguf:Loading base model: f29de68cb284ca208446e647b339569935025ef3
INFO:lora-to-gguf:Using model architecture: Gemma4ForConditionalGeneration
INFO:hf-to-gguf:gguf: loading model weight map from 'model.safetensors.index.json'
INFO:hf-to-gguf:gguf: indexing model part 'model-00001-of-00002.safetensors'
INFO:hf-to-gguf:gguf: indexing model part 'model-00002-of-00002.safetensors'
INFO:gguf.gguf_writer:gguf: This GGUF file is for Little Endian only
INFO:lora-to-gguf:Exporting model...
INFO:hf-to-gguf:blk.0.ffn_down.weight.lora_a,      torch.float32 --> F16, shape = {10240, 8}
INFO:hf-to-gguf:blk.0.ffn_down.weight.lora_b,      torch.float32 --> F16, shape = {8, 2560}
INFO:hf-to-gguf:blk.0.ffn_gate.weight.lora_a,      torch.float32 --> F16, shape = {2560, 8}
INFO:hf-to-gguf:blk.0.ffn_gate.weight.lora_b,      torch.float32 --> F16, shape = {8, 10240}
INFO:hf-to-gguf:blk.0.ffn_up.weight.lora_a,        torch.float32 --> F16, shape = {2560, 8}
INFO:hf-to-gguf:blk.0.ffn_up.weight.lora_b,        torch.float32 --> F16, shape = {8, 10240}
INFO:hf-to-gguf:blk.0.inp_gate.weight.lora_a,      torch.float32 --> F16, shape = {2560, 8}
INFO:hf-to-gguf:blk.0.inp_gate.weight.lora_b,      torch.float32 --> F16, shape = {8, 256}
INFO:hf-to-gguf:blk.0.proj.weight.lora_a,          torch.float32 --> F16, shape = {256, 8}
INFO:hf-to-gguf:blk.0.proj.weight.lora_b,          torch.float32 --> F16, shape = {8, 2560}
INFO:hf-to-gguf:blk.0.attn_k.weight.lora_a,        torch.float32 --> F16, shape = {2560, 8}
INFO:hf-to-gguf:blk.0.attn_k.weight.lora_b,        torch.float32 --> F16, shape = {8, 512}
INFO:hf-to-gguf:blk.0.attn_output.weight.lora_a,   torch.float32 --> F16, shape = {2048, 8}
INFO:hf-to-gguf:blk.0.attn_output.weight.lora_b,   torch.float32 --> F16, shape = {8, 2560}
INFO:hf-to-gguf:blk.0.attn_q.weight.lora_a,        torch.float32 --> F16, shape = {2560, 8}
INFO:hf-to-gguf:blk.0.attn_q.weight.lora_b,        torch.float32 --> F16, shape = {8, 2048}
INFO:hf-to-gguf:blk.0.attn_v.weight.lora_a,        torch.float32 --> F16, shape = {2560, 8}
INFO:hf-to-gguf:blk.0.attn_v.weight.lora_b,        torch.float32 --> F16, shape = {8, 512}
INFO:hf-to-gguf:blk.1.ffn_down.weight.lora_a,      torch.float32 --> F16, shape = {10240, 8}
INFO:hf-to-gguf:blk.1.ffn_down.weight.lora_b,      torch.float32 --> F16, shape = {8, 2560}
INFO:hf-to-gguf:blk.1.ffn_gate.weight.lora_a,      torch.float32 --> F16, shape = {2560, 8}
INFO:hf-to-gguf:blk.1.ffn_gate.weight.lora_b,      torch.float32 --> F16, shape = {8, 10240}
INFO:hf-to-gguf:blk.1.ffn_up.weight.lora_a,        torch.float32 --> F16, shape = {2560, 8}
INFO:hf-to-gguf:blk.1.ffn_up.weight.lora_b,        torch.float32 --> F16, shape = {8, 10240}
INFO:hf-to-gguf:blk.1.inp_gate.weight.lora_a,      torch.float32 --> F16, shape = {2560, 8}
INFO:hf-to-gguf:blk.1.inp_gate.weight.lora_b,      torch.float32 --> F16, shape = {8, 256}
INFO:hf-to-gguf:blk.1.proj.weight.lora_a,          torch.float32 --> F16, shape = {256, 8}
INFO:hf-to-gguf:blk.1.proj.weight.lora_b,          torch.float32 --> F16, shape = {8, 2560}
INFO:hf-to-gguf:blk.1.attn_k.weight.lora_a,        torch.float32 --> F16, shape = {2560, 8}
INFO:hf-to-gguf:blk.1.attn_k.weight.lora_b,        torch.float32 --> F16, shape = {8, 512}
INFO:hf-to-gguf:blk.1.attn_output.weight.lora_a,   torch.float32 --> F16, shape = {2048, 8}
INFO:hf-to-gguf:blk.1.attn_output.weight.lora_b,   torch.float32 --> F16, shape = {8, 2560}
INFO:hf-to-gguf:blk.1.attn_q.weight.lora_a,        torch.float32 --> F16, shape = {2560, 8}
INFO:hf-to-gguf:blk.1.attn_q.weight.lora_b,        torch.float32 --> F16, shape = {8, 2048}
INFO:hf-to-gguf:blk.1.attn_v.weight.lora_a,        torch.float32 --> F16, shape = {2560, 8}
INFO:hf-to-gguf:blk.1.attn_v.weight.lora_b,        torch.float32 --> F16, shape = {8, 512}
INFO:hf-to-gguf:blk.10.ffn_down.weight.lora_a,     torch.float32 --> F16, shape = {10240, 8}
INFO:hf-to-gguf:blk.10.ffn_down.weight.lora_b,     torch.float32 --> F16, shape = {8, 2560}
INFO:hf-to-gguf:blk.10.ffn_gate.weight.lora_a,     torch.float32 --> F16, shape = {2560, 8}
INFO:hf-to-gguf:blk.10.ffn_gate.weight.lora_b,     torch.float32 --> F16, shape = {8, 10240}
INFO:hf-to-gguf:blk.10.ffn_up.weight.lora_a,       torch.float32 --> F16, shape = {2560, 8}
INFO:hf-to-gguf:blk.10.ffn_up.weight.lora_b,       torch.float32 --> F16, shape = {8, 10240}
INFO:hf-to-gguf:blk.10.inp_gate.weight.lora_a,     torch.float32 --> F16, shape = {2560, 8}
INFO:hf-to-gguf:blk.10.inp_gate.weight.lora_b,     torch.float32 --> F16, shape = {8, 256}
INFO:hf-to-gguf:blk.10.proj.weight.lora_a,         torch.float32 --> F16, shape = {256, 8}
INFO:hf-to-gguf:blk.10.proj.weight.lora_b,         torch.float32 --> F16, shape = {8, 2560}
INFO:hf-to-gguf:blk.10.attn_k.weight.lora_a,       torch.float32 --> F16, shape = {2560, 8}
INFO:hf-to-gguf:blk.10.attn_k.weight.lora_b,       torch.float32 --> F16, shape = {8, 512}
INFO:hf-to-gguf:blk.10.attn_output.weight.lora_a,  torch.float32 --> F16, shape = {2048, 8}
INFO:hf-to-gguf:blk.10.attn_output.weight.lora_b,  torch.float32 --> F16, shape = {8, 2560}
INFO:hf-to-gguf:blk.10.attn_q.weight.lora_a,       torch.float32 --> F16, shape = {2560, 8}
INFO:hf-to-gguf:blk.10.attn_q.weight.lora_b,       torch.float32 --> F16, shape = {8, 2048}
INFO:hf-to-gguf:blk.10.attn_v.weight.lora_a,       torch.float32 --> F16, shape = {2560, 8}
INFO:hf-to-gguf:blk.10.attn_v.weight.lora_b,       torch.float32 --> F16, shape = {8, 512}
INFO:hf-to-gguf:blk.11.ffn_down.weight.lora_a,     torch.float32 --> F16, shape = {10240, 8}
INFO:hf-to-gguf:blk.11.ffn_down.weight.lora_b,     torch.float32 --> F16, shape = {8, 2560}
INFO:hf-to-gguf:blk.11.ffn_gate.weight.lora_a,     torch.float32 --> F16, shape = {2560, 8}
INFO:hf-to-gguf:blk.11.ffn_gate.weight.lora_b,     torch.float32 --> F16, shape = {8, 10240}
INFO:hf-to-gguf:blk.11.ffn_up.weight.lora_a,       torch.float32 --> F16, shape = {2560, 8}
INFO:hf-to-gguf:blk.11.ffn_up.weight.lora_b,       torch.float32 --> F16, shape = {8, 10240}
INFO:hf-to-gguf:blk.11.inp_gate.weight.lora_a,     torch.float32 --> F16, shape = {2560, 8}
INFO:hf-to-gguf:blk.11.inp_gate.weight.lora_b,     torch.float32 --> F16, shape = {8, 256}
INFO:hf-to-gguf:blk.11.proj.weight.lora_a,         torch.float32 --> F16, shape = {256, 8}
INFO:hf-to-gguf:blk.11.proj.weight.lora_b,         torch.float32 --> F16, shape = {8, 2560}
INFO:hf-to-gguf:blk.11.attn_k.weight.lora_a,       torch.float32 --> F16, shape = {2560, 8}
INFO:hf-to-gguf:blk.11.attn_k.weight.lora_b,       torch.float32 --> F16, shape = {8, 1024}
INFO:hf-to-gguf:blk.11.attn_output.weight.lora_a,  torch.float32 --> F16, shape = {4096, 8}
INFO:hf-to-gguf:blk.11.attn_output.weight.lora_b,  torch.float32 --> F16, shape = {8, 2560}
INFO:hf-to-gguf:blk.11.attn_q.weight.lora_a,       torch.float32 --> F16, shape = {2560, 8}
INFO:hf-to-gguf:blk.11.attn_q.weight.lora_b,       torch.float32 --> F16, shape = {8, 4096}
INFO:hf-to-gguf:blk.11.attn_v.weight.lora_a,       torch.float32 --> F16, shape = {2560, 8}
INFO:hf-to-gguf:blk.11.attn_v.weight.lora_b,       torch.float32 --> F16, shape = {8, 1024}
INFO:hf-to-gguf:blk.12.ffn_down.weight.lora_a,     torch.float32 --> F16, shape = {10240, 8}
INFO:hf-to-gguf:blk.12.ffn_down.weight.lora_b,     torch.float32 --> F16, shape = {8, 2560}
INFO:hf-to-gguf:blk.12.ffn_gate.weight.lora_a,     torch.float32 --> F16, shape = {2560, 8}
INFO:hf-to-gguf:blk.12.ffn_gate.weight.lora_b,     torch.float32 --> F16, shape = {8, 10240}
INFO:hf-to-gguf:blk.12.ffn_up.weight.lora_a,       torch.float32 --> F16, shape = {2560, 8}
INFO:hf-to-gguf:blk.12.ffn_up.weight.lora_b,       torch.float32 --> F16, shape = {8, 10240}
INFO:hf-to-gguf:blk.12.inp_gate.weight.lora_a,     torch.float32 --> F16, shape = {2560, 8}
INFO:hf-to-gguf:blk.12.inp_gate.weight.lora_b,     torch.float32 --> F16, shape = {8, 256}
INFO:hf-to-gguf:blk.12.proj.weight.lora_a,         torch.float32 --> F16, shape = {256, 8}
INFO:hf-to-gguf:blk.12.proj.weight.lora_b,         torch.float32 --> F16, shape = {8, 2560}
INFO:hf-to-gguf:blk.12.attn_k.weight.lora_a,       torch.float32 --> F16, shape = {2560, 8}
INFO:hf-to-gguf:blk.12.attn_k.weight.lora_b,       torch.float32 --> F16, shape = {8, 512}
INFO:hf-to-gguf:blk.12.attn_output.weight.lora_a,  torch.float32 --> F16, shape = {2048, 8}
INFO:hf-to-gguf:blk.12.attn_output.weight.lora_b,  torch.float32 --> F16, shape = {8, 2560}
INFO:hf-to-gguf:blk.12.attn_q.weight.lora_a,       torch.float32 --> F16, shape = {2560, 8}
INFO:hf-to-gguf:blk.12.attn_q.weight.lora_b,       torch.float32 --> F16, shape = {8, 2048}
INFO:hf-to-gguf:blk.12.attn_v.weight.lora_a,       torch.float32 --> F16, shape = {2560, 8}
INFO:hf-to-gguf:blk.12.attn_v.weight.lora_b,       torch.float32 --> F16, shape = {8, 512}
INFO:hf-to-gguf:blk.13.ffn_down.weight.lora_a,     torch.float32 --> F16, shape = {10240, 8}
INFO:hf-to-gguf:blk.13.ffn_down.weight.lora_b,     torch.float32 --> F16, shape = {8, 2560}
INFO:hf-to-gguf:blk.13.ffn_gate.weight.lora_a,     torch.float32 --> F16, shape = {2560, 8}
INFO:hf-to-gguf:blk.13.ffn_gate.weight.lora_b,     torch.float32 --> F16, shape = {8, 10240}
INFO:hf-to-gguf:blk.13.ffn_up.weight.lora_a,       torch.float32 --> F16, shape = {2560, 8}
INFO:hf-to-gguf:blk.13.ffn_up.weight.lora_b,       torch.float32 --> F16, shape = {8, 10240}
INFO:hf-to-gguf:blk.13.inp_gate.weight.lora_a,     torch.float32 --> F16, shape = {2560, 8}
INFO:hf-to-gguf:blk.13.inp_gate.weight.lora_b,     torch.float32 --> F16, shape = {8, 256}
INFO:hf-to-gguf:blk.13.proj.weight.lora_a,         torch.float32 --> F16, shape = {256, 8}
INFO:hf-to-gguf:blk.13.proj.weight.lora_b,         torch.float32 --> F16, shape = {8, 2560}
INFO:hf-to-gguf:blk.13.attn_k.weight.lora_a,       torch.float32 --> F16, shape = {2560, 8}
INFO:hf-to-gguf:blk.13.attn_k.weight.lora_b,       torch.float32 --> F16, shape = {8, 512}
INFO:hf-to-gguf:blk.13.attn_output.weight.lora_a,  torch.float32 --> F16, shape = {2048, 8}
INFO:hf-to-gguf:blk.13.attn_output.weight.lora_b,  torch.float32 --> F16, shape = {8, 2560}
INFO:hf-to-gguf:blk.13.attn_q.weight.lora_a,       torch.float32 --> F16, shape = {2560, 8}
INFO:hf-to-gguf:blk.13.attn_q.weight.lora_b,       torch.float32 --> F16, shape = {8, 2048}
INFO:hf-to-gguf:blk.13.attn_v.weight.lora_a,       torch.float32 --> F16, shape = {2560, 8}
INFO:hf-to-gguf:blk.13.attn_v.weight.lora_b,       torch.float32 --> F16, shape = {8, 512}
INFO:hf-to-gguf:blk.14.ffn_down.weight.lora_a,     torch.float32 --> F16, shape = {10240, 8}
INFO:hf-to-gguf:blk.14.ffn_down.weight.lora_b,     torch.float32 --> F16, shape = {8, 2560}
INFO:hf-to-gguf:blk.14.ffn_gate.weight.lora_a,     torch.float32 --> F16, shape = {2560, 8}
INFO:hf-to-gguf:blk.14.ffn_gate.weight.lora_b,     torch.float32 --> F16, shape = {8, 10240}
INFO:hf-to-gguf:blk.14.ffn_up.weight.lora_a,       torch.float32 --> F16, shape = {2560, 8}
INFO:hf-to-gguf:blk.14.ffn_up.weight.lora_b,       torch.float32 --> F16, shape = {8, 10240}
INFO:hf-to-gguf:blk.14.inp_gate.weight.lora_a,     torch.float32 --> F16, shape = {2560, 8}
INFO:hf-to-gguf:blk.14.inp_gate.weight.lora_b,     torch.float32 --> F16, shape = {8, 256}
INFO:hf-to-gguf:blk.14.proj.weight.lora_a,         torch.float32 --> F16, shape = {256, 8}
INFO:hf-to-gguf:blk.14.proj.weight.lora_b,         torch.float32 --> F16, shape = {8, 2560}
INFO:hf-to-gguf:blk.14.attn_k.weight.lora_a,       torch.float32 --> F16, shape = {2560, 8}
INFO:hf-to-gguf:blk.14.attn_k.weight.lora_b,       torch.float32 --> F16, shape = {8, 512}
INFO:hf-to-gguf:blk.14.attn_output.weight.lora_a,  torch.float32 --> F16, shape = {2048, 8}
INFO:hf-to-gguf:blk.14.attn_output.weight.lora_b,  torch.float32 --> F16, shape = {8, 2560}
INFO:hf-to-gguf:blk.14.attn_q.weight.lora_a,       torch.float32 --> F16, shape = {2560, 8}
INFO:hf-to-gguf:blk.14.attn_q.weight.lora_b,       torch.float32 --> F16, shape = {8, 2048}
INFO:hf-to-gguf:blk.14.attn_v.weight.lora_a,       torch.float32 --> F16, shape = {2560, 8}
INFO:hf-to-gguf:blk.14.attn_v.weight.lora_b,       torch.float32 --> F16, shape = {8, 512}
INFO:hf-to-gguf:blk.15.ffn_down.weight.lora_a,     torch.float32 --> F16, shape = {10240, 8}
INFO:hf-to-gguf:blk.15.ffn_down.weight.lora_b,     torch.float32 --> F16, shape = {8, 2560}
INFO:hf-to-gguf:blk.15.ffn_gate.weight.lora_a,     torch.float32 --> F16, shape = {2560, 8}
INFO:hf-to-gguf:blk.15.ffn_gate.weight.lora_b,     torch.float32 --> F16, shape = {8, 10240}
INFO:hf-to-gguf:blk.15.ffn_up.weight.lora_a,       torch.float32 --> F16, shape = {2560, 8}
INFO:hf-to-gguf:blk.15.ffn_up.weight.lora_b,       torch.float32 --> F16, shape = {8, 10240}
INFO:hf-to-gguf:blk.15.inp_gate.weight.lora_a,     torch.float32 --> F16, shape = {2560, 8}
INFO:hf-to-gguf:blk.15.inp_gate.weight.lora_b,     torch.float32 --> F16, shape = {8, 256}
INFO:hf-to-gguf:blk.15.proj.weight.lora_a,         torch.float32 --> F16, shape = {256, 8}
INFO:hf-to-gguf:blk.15.proj.weight.lora_b,         torch.float32 --> F16, shape = {8, 2560}
INFO:hf-to-gguf:blk.15.attn_k.weight.lora_a,       torch.float32 --> F16, shape = {2560, 8}
INFO:hf-to-gguf:blk.15.attn_k.weight.lora_b,       torch.float32 --> F16, shape = {8, 512}
INFO:hf-to-gguf:blk.15.attn_output.weight.lora_a,  torch.float32 --> F16, shape = {2048, 8}
INFO:hf-to-gguf:blk.15.attn_output.weight.lora_b,  torch.float32 --> F16, shape = {8, 2560}
INFO:hf-to-gguf:blk.15.attn_q.weight.lora_a,       torch.float32 --> F16, shape = {2560, 8}
INFO:hf-to-gguf:blk.15.attn_q.weight.lora_b,       torch.float32 --> F16, shape = {8, 2048}
INFO:hf-to-gguf:blk.15.attn_v.weight.lora_a,       torch.float32 --> F16, shape = {2560, 8}
INFO:hf-to-gguf:blk.15.attn_v.weight.lora_b,       torch.float32 --> F16, shape = {8, 512}
INFO:hf-to-gguf:blk.16.ffn_down.weight.lora_a,     torch.float32 --> F16, shape = {10240, 8}
INFO:hf-to-gguf:blk.16.ffn_down.weight.lora_b,     torch.float32 --> F16, shape = {8, 2560}
INFO:hf-to-gguf:blk.16.ffn_gate.weight.lora_a,     torch.float32 --> F16, shape = {2560, 8}
INFO:hf-to-gguf:blk.16.ffn_gate.weight.lora_b,     torch.float32 --> F16, shape = {8, 10240}
INFO:hf-to-gguf:blk.16.ffn_up.weight.lora_a,       torch.float32 --> F16, shape = {2560, 8}
INFO:hf-to-gguf:blk.16.ffn_up.weight.lora_b,       torch.float32 --> F16, shape = {8, 10240}
INFO:hf-to-gguf:blk.16.inp_gate.weight.lora_a,     torch.float32 --> F16, shape = {2560, 8}
INFO:hf-to-gguf:blk.16.inp_gate.weight.lora_b,     torch.float32 --> F16, shape = {8, 256}
INFO:hf-to-gguf:blk.16.proj.weight.lora_a,         torch.float32 --> F16, shape = {256, 8}
INFO:hf-to-gguf:blk.16.proj.weight.lora_b,         torch.float32 --> F16, shape = {8, 2560}
INFO:hf-to-gguf:blk.16.attn_k.weight.lora_a,       torch.float32 --> F16, shape = {2560, 8}
INFO:hf-to-gguf:blk.16.attn_k.weight.lora_b,       torch.float32 --> F16, shape = {8, 512}
INFO:hf-to-gguf:blk.16.attn_output.weight.lora_a,  torch.float32 --> F16, shape = {2048, 8}
INFO:hf-to-gguf:blk.16.attn_output.weight.lora_b,  torch.float32 --> F16, shape = {8, 2560}
INFO:hf-to-gguf:blk.16.attn_q.weight.lora_a,       torch.float32 --> F16, shape = {2560, 8}
INFO:hf-to-gguf:blk.16.attn_q.weight.lora_b,       torch.float32 --> F16, shape = {8, 2048}
INFO:hf-to-gguf:blk.16.attn_v.weight.lora_a,       torch.float32 --> F16, shape = {2560, 8}
INFO:hf-to-gguf:blk.16.attn_v.weight.lora_b,       torch.float32 --> F16, shape = {8, 512}
INFO:hf-to-gguf:blk.17.ffn_down.weight.lora_a,     torch.float32 --> F16, shape = {10240, 8}
INFO:hf-to-gguf:blk.17.ffn_down.weight.lora_b,     torch.float32 --> F16, shape = {8, 2560}
INFO:hf-to-gguf:blk.17.ffn_gate.weight.lora_a,     torch.float32 --> F16, shape = {2560, 8}
INFO:hf-to-gguf:blk.17.ffn_gate.weight.lora_b,     torch.float32 --> F16, shape = {8, 10240}
INFO:hf-to-gguf:blk.17.ffn_up.weight.lora_a,       torch.float32 --> F16, shape = {2560, 8}
INFO:hf-to-gguf:blk.17.ffn_up.weight.lora_b,       torch.float32 --> F16, shape = {8, 10240}
INFO:hf-to-gguf:blk.17.inp_gate.weight.lora_a,     torch.float32 --> F16, shape = {2560, 8}
INFO:hf-to-gguf:blk.17.inp_gate.weight.lora_b,     torch.float32 --> F16, shape = {8, 256}
INFO:hf-to-gguf:blk.17.proj.weight.lora_a,         torch.float32 --> F16, shape = {256, 8}
INFO:hf-to-gguf:blk.17.proj.weight.lora_b,         torch.float32 --> F16, shape = {8, 2560}
INFO:hf-to-gguf:blk.17.attn_k.weight.lora_a,       torch.float32 --> F16, shape = {2560, 8}
INFO:hf-to-gguf:blk.17.attn_k.weight.lora_b,       torch.float32 --> F16, shape = {8, 1024}
INFO:hf-to-gguf:blk.17.attn_output.weight.lora_a,  torch.float32 --> F16, shape = {4096, 8}
INFO:hf-to-gguf:blk.17.attn_output.weight.lora_b,  torch.float32 --> F16, shape = {8, 2560}
INFO:hf-to-gguf:blk.17.attn_q.weight.lora_a,       torch.float32 --> F16, shape = {2560, 8}
INFO:hf-to-gguf:blk.17.attn_q.weight.lora_b,       torch.float32 --> F16, shape = {8, 4096}
INFO:hf-to-gguf:blk.17.attn_v.weight.lora_a,       torch.float32 --> F16, shape = {2560, 8}
INFO:hf-to-gguf:blk.17.attn_v.weight.lora_b,       torch.float32 --> F16, shape = {8, 1024}
INFO:hf-to-gguf:blk.18.ffn_down.weight.lora_a,     torch.float32 --> F16, shape = {10240, 8}
INFO:hf-to-gguf:blk.18.ffn_down.weight.lora_b,     torch.float32 --> F16, shape = {8, 2560}
INFO:hf-to-gguf:blk.18.ffn_gate.weight.lora_a,     torch.float32 --> F16, shape = {2560, 8}
INFO:hf-to-gguf:blk.18.ffn_gate.weight.lora_b,     torch.float32 --> F16, shape = {8, 10240}
INFO:hf-to-gguf:blk.18.ffn_up.weight.lora_a,       torch.float32 --> F16, shape = {2560, 8}
INFO:hf-to-gguf:blk.18.ffn_up.weight.lora_b,       torch.float32 --> F16, shape = {8, 10240}
INFO:hf-to-gguf:blk.18.inp_gate.weight.lora_a,     torch.float32 --> F16, shape = {2560, 8}
INFO:hf-to-gguf:blk.18.inp_gate.weight.lora_b,     torch.float32 --> F16, shape = {8, 256}
INFO:hf-to-gguf:blk.18.proj.weight.lora_a,         torch.float32 --> F16, shape = {256, 8}
INFO:hf-to-gguf:blk.18.proj.weight.lora_b,         torch.float32 --> F16, shape = {8, 2560}
INFO:hf-to-gguf:blk.18.attn_k.weight.lora_a,       torch.float32 --> F16, shape = {2560, 8}
INFO:hf-to-gguf:blk.18.attn_k.weight.lora_b,       torch.float32 --> F16, shape = {8, 512}
INFO:hf-to-gguf:blk.18.attn_output.weight.lora_a,  torch.float32 --> F16, shape = {2048, 8}
INFO:hf-to-gguf:blk.18.attn_output.weight.lora_b,  torch.float32 --> F16, shape = {8, 2560}
INFO:hf-to-gguf:blk.18.attn_q.weight.lora_a,       torch.float32 --> F16, shape = {2560, 8}
INFO:hf-to-gguf:blk.18.attn_q.weight.lora_b,       torch.float32 --> F16, shape = {8, 2048}
INFO:hf-to-gguf:blk.18.attn_v.weight.lora_a,       torch.float32 --> F16, shape = {2560, 8}
INFO:hf-to-gguf:blk.18.attn_v.weight.lora_b,       torch.float32 --> F16, shape = {8, 512}
INFO:hf-to-gguf:blk.19.ffn_down.weight.lora_a,     torch.float32 --> F16, shape = {10240, 8}
INFO:hf-to-gguf:blk.19.ffn_down.weight.lora_b,     torch.float32 --> F16, shape = {8, 2560}
INFO:hf-to-gguf:blk.19.ffn_gate.weight.lora_a,     torch.float32 --> F16, shape = {2560, 8}
INFO:hf-to-gguf:blk.19.ffn_gate.weight.lora_b,     torch.float32 --> F16, shape = {8, 10240}
INFO:hf-to-gguf:blk.19.ffn_up.weight.lora_a,       torch.float32 --> F16, shape = {2560, 8}
INFO:hf-to-gguf:blk.19.ffn_up.weight.lora_b,       torch.float32 --> F16, shape = {8, 10240}
INFO:hf-to-gguf:blk.19.inp_gate.weight.lora_a,     torch.float32 --> F16, shape = {2560, 8}
INFO:hf-to-gguf:blk.19.inp_gate.weight.lora_b,     torch.float32 --> F16, shape = {8, 256}
INFO:hf-to-gguf:blk.19.proj.weight.lora_a,         torch.float32 --> F16, shape = {256, 8}
INFO:hf-to-gguf:blk.19.proj.weight.lora_b,         torch.float32 --> F16, shape = {8, 2560}
INFO:hf-to-gguf:blk.19.attn_k.weight.lora_a,       torch.float32 --> F16, shape = {2560, 8}
INFO:hf-to-gguf:blk.19.attn_k.weight.lora_b,       torch.float32 --> F16, shape = {8, 512}
INFO:hf-to-gguf:blk.19.attn_output.weight.lora_a,  torch.float32 --> F16, shape = {2048, 8}
INFO:hf-to-gguf:blk.19.attn_output.weight.lora_b,  torch.float32 --> F16, shape = {8, 2560}
INFO:hf-to-gguf:blk.19.attn_q.weight.lora_a,       torch.float32 --> F16, shape = {2560, 8}
INFO:hf-to-gguf:blk.19.attn_q.weight.lora_b,       torch.float32 --> F16, shape = {8, 2048}
INFO:hf-to-gguf:blk.19.attn_v.weight.lora_a,       torch.float32 --> F16, shape = {2560, 8}
INFO:hf-to-gguf:blk.19.attn_v.weight.lora_b,       torch.float32 --> F16, shape = {8, 512}
INFO:hf-to-gguf:blk.2.ffn_down.weight.lora_a,      torch.float32 --> F16, shape = {10240, 8}
INFO:hf-to-gguf:blk.2.ffn_down.weight.lora_b,      torch.float32 --> F16, shape = {8, 2560}
INFO:hf-to-gguf:blk.2.ffn_gate.weight.lora_a,      torch.float32 --> F16, shape = {2560, 8}
INFO:hf-to-gguf:blk.2.ffn_gate.weight.lora_b,      torch.float32 --> F16, shape = {8, 10240}
INFO:hf-to-gguf:blk.2.ffn_up.weight.lora_a,        torch.float32 --> F16, shape = {2560, 8}
INFO:hf-to-gguf:blk.2.ffn_up.weight.lora_b,        torch.float32 --> F16, shape = {8, 10240}
INFO:hf-to-gguf:blk.2.inp_gate.weight.lora_a,      torch.float32 --> F16, shape = {2560, 8}
INFO:hf-to-gguf:blk.2.inp_gate.weight.lora_b,      torch.float32 --> F16, shape = {8, 256}
INFO:hf-to-gguf:blk.2.proj.weight.lora_a,          torch.float32 --> F16, shape = {256, 8}
INFO:hf-to-gguf:blk.2.proj.weight.lora_b,          torch.float32 --> F16, shape = {8, 2560}
INFO:hf-to-gguf:blk.2.attn_k.weight.lora_a,        torch.float32 --> F16, shape = {2560, 8}
INFO:hf-to-gguf:blk.2.attn_k.weight.lora_b,        torch.float32 --> F16, shape = {8, 512}
INFO:hf-to-gguf:blk.2.attn_output.weight.lora_a,   torch.float32 --> F16, shape = {2048, 8}
INFO:hf-to-gguf:blk.2.attn_output.weight.lora_b,   torch.float32 --> F16, shape = {8, 2560}
INFO:hf-to-gguf:blk.2.attn_q.weight.lora_a,        torch.float32 --> F16, shape = {2560, 8}
INFO:hf-to-gguf:blk.2.attn_q.weight.lora_b,        torch.float32 --> F16, shape = {8, 2048}
INFO:hf-to-gguf:blk.2.attn_v.weight.lora_a,        torch.float32 --> F16, shape = {2560, 8}
INFO:hf-to-gguf:blk.2.attn_v.weight.lora_b,        torch.float32 --> F16, shape = {8, 512}
INFO:hf-to-gguf:blk.20.ffn_down.weight.lora_a,     torch.float32 --> F16, shape = {10240, 8}
INFO:hf-to-gguf:blk.20.ffn_down.weight.lora_b,     torch.float32 --> F16, shape = {8, 2560}
INFO:hf-to-gguf:blk.20.ffn_gate.weight.lora_a,     torch.float32 --> F16, shape = {2560, 8}
INFO:hf-to-gguf:blk.20.ffn_gate.weight.lora_b,     torch.float32 --> F16, shape = {8, 10240}
INFO:hf-to-gguf:blk.20.ffn_up.weight.lora_a,       torch.float32 --> F16, shape = {2560, 8}
INFO:hf-to-gguf:blk.20.ffn_up.weight.lora_b,       torch.float32 --> F16, shape = {8, 10240}
INFO:hf-to-gguf:blk.20.inp_gate.weight.lora_a,     torch.float32 --> F16, shape = {2560, 8}
INFO:hf-to-gguf:blk.20.inp_gate.weight.lora_b,     torch.float32 --> F16, shape = {8, 256}
INFO:hf-to-gguf:blk.20.proj.weight.lora_a,         torch.float32 --> F16, shape = {256, 8}
INFO:hf-to-gguf:blk.20.proj.weight.lora_b,         torch.float32 --> F16, shape = {8, 2560}
INFO:hf-to-gguf:blk.20.attn_k.weight.lora_a,       torch.float32 --> F16, shape = {2560, 8}
INFO:hf-to-gguf:blk.20.attn_k.weight.lora_b,       torch.float32 --> F16, shape = {8, 512}
INFO:hf-to-gguf:blk.20.attn_output.weight.lora_a,  torch.float32 --> F16, shape = {2048, 8}
INFO:hf-to-gguf:blk.20.attn_output.weight.lora_b,  torch.float32 --> F16, shape = {8, 2560}
INFO:hf-to-gguf:blk.20.attn_q.weight.lora_a,       torch.float32 --> F16, shape = {2560, 8}
INFO:hf-to-gguf:blk.20.attn_q.weight.lora_b,       torch.float32 --> F16, shape = {8, 2048}
INFO:hf-to-gguf:blk.20.attn_v.weight.lora_a,       torch.float32 --> F16, shape = {2560, 8}
INFO:hf-to-gguf:blk.20.attn_v.weight.lora_b,       torch.float32 --> F16, shape = {8, 512}
INFO:hf-to-gguf:blk.21.ffn_down.weight.lora_a,     torch.float32 --> F16, shape = {10240, 8}
INFO:hf-to-gguf:blk.21.ffn_down.weight.lora_b,     torch.float32 --> F16, shape = {8, 2560}
INFO:hf-to-gguf:blk.21.ffn_gate.weight.lora_a,     torch.float32 --> F16, shape = {2560, 8}
INFO:hf-to-gguf:blk.21.ffn_gate.weight.lora_b,     torch.float32 --> F16, shape = {8, 10240}
INFO:hf-to-gguf:blk.21.ffn_up.weight.lora_a,       torch.float32 --> F16, shape = {2560, 8}
INFO:hf-to-gguf:blk.21.ffn_up.weight.lora_b,       torch.float32 --> F16, shape = {8, 10240}
INFO:hf-to-gguf:blk.21.inp_gate.weight.lora_a,     torch.float32 --> F16, shape = {2560, 8}
INFO:hf-to-gguf:blk.21.inp_gate.weight.lora_b,     torch.float32 --> F16, shape = {8, 256}
INFO:hf-to-gguf:blk.21.proj.weight.lora_a,         torch.float32 --> F16, shape = {256, 8}
INFO:hf-to-gguf:blk.21.proj.weight.lora_b,         torch.float32 --> F16, shape = {8, 2560}
INFO:hf-to-gguf:blk.21.attn_k.weight.lora_a,       torch.float32 --> F16, shape = {2560, 8}
INFO:hf-to-gguf:blk.21.attn_k.weight.lora_b,       torch.float32 --> F16, shape = {8, 512}
INFO:hf-to-gguf:blk.21.attn_output.weight.lora_a,  torch.float32 --> F16, shape = {2048, 8}
INFO:hf-to-gguf:blk.21.attn_output.weight.lora_b,  torch.float32 --> F16, shape = {8, 2560}
INFO:hf-to-gguf:blk.21.attn_q.weight.lora_a,       torch.float32 --> F16, shape = {2560, 8}
INFO:hf-to-gguf:blk.21.attn_q.weight.lora_b,       torch.float32 --> F16, shape = {8, 2048}
INFO:hf-to-gguf:blk.21.attn_v.weight.lora_a,       torch.float32 --> F16, shape = {2560, 8}
INFO:hf-to-gguf:blk.21.attn_v.weight.lora_b,       torch.float32 --> F16, shape = {8, 512}
INFO:hf-to-gguf:blk.22.ffn_down.weight.lora_a,     torch.float32 --> F16, shape = {10240, 8}
INFO:hf-to-gguf:blk.22.ffn_down.weight.lora_b,     torch.float32 --> F16, shape = {8, 2560}
INFO:hf-to-gguf:blk.22.ffn_gate.weight.lora_a,     torch.float32 --> F16, shape = {2560, 8}
INFO:hf-to-gguf:blk.22.ffn_gate.weight.lora_b,     torch.float32 --> F16, shape = {8, 10240}
INFO:hf-to-gguf:blk.22.ffn_up.weight.lora_a,       torch.float32 --> F16, shape = {2560, 8}
INFO:hf-to-gguf:blk.22.ffn_up.weight.lora_b,       torch.float32 --> F16, shape = {8, 10240}
INFO:hf-to-gguf:blk.22.inp_gate.weight.lora_a,     torch.float32 --> F16, shape = {2560, 8}
INFO:hf-to-gguf:blk.22.inp_gate.weight.lora_b,     torch.float32 --> F16, shape = {8, 256}
INFO:hf-to-gguf:blk.22.proj.weight.lora_a,         torch.float32 --> F16, shape = {256, 8}
INFO:hf-to-gguf:blk.22.proj.weight.lora_b,         torch.float32 --> F16, shape = {8, 2560}
INFO:hf-to-gguf:blk.22.attn_k.weight.lora_a,       torch.float32 --> F16, shape = {2560, 8}
INFO:hf-to-gguf:blk.22.attn_k.weight.lora_b,       torch.float32 --> F16, shape = {8, 512}
INFO:hf-to-gguf:blk.22.attn_output.weight.lora_a,  torch.float32 --> F16, shape = {2048, 8}
INFO:hf-to-gguf:blk.22.attn_output.weight.lora_b,  torch.float32 --> F16, shape = {8, 2560}
INFO:hf-to-gguf:blk.22.attn_q.weight.lora_a,       torch.float32 --> F16, shape = {2560, 8}
INFO:hf-to-gguf:blk.22.attn_q.weight.lora_b,       torch.float32 --> F16, shape = {8, 2048}
INFO:hf-to-gguf:blk.22.attn_v.weight.lora_a,       torch.float32 --> F16, shape = {2560, 8}
INFO:hf-to-gguf:blk.22.attn_v.weight.lora_b,       torch.float32 --> F16, shape = {8, 512}
INFO:hf-to-gguf:blk.23.ffn_down.weight.lora_a,     torch.float32 --> F16, shape = {10240, 8}
INFO:hf-to-gguf:blk.23.ffn_down.weight.lora_b,     torch.float32 --> F16, shape = {8, 2560}
INFO:hf-to-gguf:blk.23.ffn_gate.weight.lora_a,     torch.float32 --> F16, shape = {2560, 8}
INFO:hf-to-gguf:blk.23.ffn_gate.weight.lora_b,     torch.float32 --> F16, shape = {8, 10240}
INFO:hf-to-gguf:blk.23.ffn_up.weight.lora_a,       torch.float32 --> F16, shape = {2560, 8}
INFO:hf-to-gguf:blk.23.ffn_up.weight.lora_b,       torch.float32 --> F16, shape = {8, 10240}
INFO:hf-to-gguf:blk.23.inp_gate.weight.lora_a,     torch.float32 --> F16, shape = {2560, 8}
INFO:hf-to-gguf:blk.23.inp_gate.weight.lora_b,     torch.float32 --> F16, shape = {8, 256}
INFO:hf-to-gguf:blk.23.proj.weight.lora_a,         torch.float32 --> F16, shape = {256, 8}
INFO:hf-to-gguf:blk.23.proj.weight.lora_b,         torch.float32 --> F16, shape = {8, 2560}
INFO:hf-to-gguf:blk.23.attn_k.weight.lora_a,       torch.float32 --> F16, shape = {2560, 8}
INFO:hf-to-gguf:blk.23.attn_k.weight.lora_b,       torch.float32 --> F16, shape = {8, 1024}
INFO:hf-to-gguf:blk.23.attn_output.weight.lora_a,  torch.float32 --> F16, shape = {4096, 8}
INFO:hf-to-gguf:blk.23.attn_output.weight.lora_b,  torch.float32 --> F16, shape = {8, 2560}
INFO:hf-to-gguf:blk.23.attn_q.weight.lora_a,       torch.float32 --> F16, shape = {2560, 8}
INFO:hf-to-gguf:blk.23.attn_q.weight.lora_b,       torch.float32 --> F16, shape = {8, 4096}
INFO:hf-to-gguf:blk.23.attn_v.weight.lora_a,       torch.float32 --> F16, shape = {2560, 8}
INFO:hf-to-gguf:blk.23.attn_v.weight.lora_b,       torch.float32 --> F16, shape = {8, 1024}
INFO:hf-to-gguf:blk.24.ffn_down.weight.lora_a,     torch.float32 --> F16, shape = {10240, 8}
INFO:hf-to-gguf:blk.24.ffn_down.weight.lora_b,     torch.float32 --> F16, shape = {8, 2560}
INFO:hf-to-gguf:blk.24.ffn_gate.weight.lora_a,     torch.float32 --> F16, shape = {2560, 8}
INFO:hf-to-gguf:blk.24.ffn_gate.weight.lora_b,     torch.float32 --> F16, shape = {8, 10240}
INFO:hf-to-gguf:blk.24.ffn_up.weight.lora_a,       torch.float32 --> F16, shape = {2560, 8}
INFO:hf-to-gguf:blk.24.ffn_up.weight.lora_b,       torch.float32 --> F16, shape = {8, 10240}
INFO:hf-to-gguf:blk.24.inp_gate.weight.lora_a,     torch.float32 --> F16, shape = {2560, 8}
INFO:hf-to-gguf:blk.24.inp_gate.weight.lora_b,     torch.float32 --> F16, shape = {8, 256}
INFO:hf-to-gguf:blk.24.proj.weight.lora_a,         torch.float32 --> F16, shape = {256, 8}
INFO:hf-to-gguf:blk.24.proj.weight.lora_b,         torch.float32 --> F16, shape = {8, 2560}
INFO:hf-to-gguf:blk.24.attn_output.weight.lora_a,  torch.float32 --> F16, shape = {2048, 8}
INFO:hf-to-gguf:blk.24.attn_output.weight.lora_b,  torch.float32 --> F16, shape = {8, 2560}
INFO:hf-to-gguf:blk.24.attn_q.weight.lora_a,       torch.float32 --> F16, shape = {2560, 8}
INFO:hf-to-gguf:blk.24.attn_q.weight.lora_b,       torch.float32 --> F16, shape = {8, 2048}
INFO:hf-to-gguf:blk.25.ffn_down.weight.lora_a,     torch.float32 --> F16, shape = {10240, 8}
INFO:hf-to-gguf:blk.25.ffn_down.weight.lora_b,     torch.float32 --> F16, shape = {8, 2560}
INFO:hf-to-gguf:blk.25.ffn_gate.weight.lora_a,     torch.float32 --> F16, shape = {2560, 8}
INFO:hf-to-gguf:blk.25.ffn_gate.weight.lora_b,     torch.float32 --> F16, shape = {8, 10240}
INFO:hf-to-gguf:blk.25.ffn_up.weight.lora_a,       torch.float32 --> F16, shape = {2560, 8}
INFO:hf-to-gguf:blk.25.ffn_up.weight.lora_b,       torch.float32 --> F16, shape = {8, 10240}
INFO:hf-to-gguf:blk.25.inp_gate.weight.lora_a,     torch.float32 --> F16, shape = {2560, 8}
INFO:hf-to-gguf:blk.25.inp_gate.weight.lora_b,     torch.float32 --> F16, shape = {8, 256}
INFO:hf-to-gguf:blk.25.proj.weight.lora_a,         torch.float32 --> F16, shape = {256, 8}
INFO:hf-to-gguf:blk.25.proj.weight.lora_b,         torch.float32 --> F16, shape = {8, 2560}
INFO:hf-to-gguf:blk.25.attn_output.weight.lora_a,  torch.float32 --> F16, shape = {2048, 8}
INFO:hf-to-gguf:blk.25.attn_output.weight.lora_b,  torch.float32 --> F16, shape = {8, 2560}
INFO:hf-to-gguf:blk.25.attn_q.weight.lora_a,       torch.float32 --> F16, shape = {2560, 8}
INFO:hf-to-gguf:blk.25.attn_q.weight.lora_b,       torch.float32 --> F16, shape = {8, 2048}
INFO:hf-to-gguf:blk.26.ffn_down.weight.lora_a,     torch.float32 --> F16, shape = {10240, 8}
INFO:hf-to-gguf:blk.26.ffn_down.weight.lora_b,     torch.float32 --> F16, shape = {8, 2560}
INFO:hf-to-gguf:blk.26.ffn_gate.weight.lora_a,     torch.float32 --> F16, shape = {2560, 8}
INFO:hf-to-gguf:blk.26.ffn_gate.weight.lora_b,     torch.float32 --> F16, shape = {8, 10240}
INFO:hf-to-gguf:blk.26.ffn_up.weight.lora_a,       torch.float32 --> F16, shape = {2560, 8}
INFO:hf-to-gguf:blk.26.ffn_up.weight.lora_b,       torch.float32 --> F16, shape = {8, 10240}
INFO:hf-to-gguf:blk.26.inp_gate.weight.lora_a,     torch.float32 --> F16, shape = {2560, 8}
INFO:hf-to-gguf:blk.26.inp_gate.weight.lora_b,     torch.float32 --> F16, shape = {8, 256}
INFO:hf-to-gguf:blk.26.proj.weight.lora_a,         torch.float32 --> F16, shape = {256, 8}
INFO:hf-to-gguf:blk.26.proj.weight.lora_b,         torch.float32 --> F16, shape = {8, 2560}
INFO:hf-to-gguf:blk.26.attn_output.weight.lora_a,  torch.float32 --> F16, shape = {2048, 8}
INFO:hf-to-gguf:blk.26.attn_output.weight.lora_b,  torch.float32 --> F16, shape = {8, 2560}
INFO:hf-to-gguf:blk.26.attn_q.weight.lora_a,       torch.float32 --> F16, shape = {2560, 8}
INFO:hf-to-gguf:blk.26.attn_q.weight.lora_b,       torch.float32 --> F16, shape = {8, 2048}
INFO:hf-to-gguf:blk.27.ffn_down.weight.lora_a,     torch.float32 --> F16, shape = {10240, 8}
INFO:hf-to-gguf:blk.27.ffn_down.weight.lora_b,     torch.float32 --> F16, shape = {8, 2560}
INFO:hf-to-gguf:blk.27.ffn_gate.weight.lora_a,     torch.float32 --> F16, shape = {2560, 8}
INFO:hf-to-gguf:blk.27.ffn_gate.weight.lora_b,     torch.float32 --> F16, shape = {8, 10240}
INFO:hf-to-gguf:blk.27.ffn_up.weight.lora_a,       torch.float32 --> F16, shape = {2560, 8}
INFO:hf-to-gguf:blk.27.ffn_up.weight.lora_b,       torch.float32 --> F16, shape = {8, 10240}
INFO:hf-to-gguf:blk.27.inp_gate.weight.lora_a,     torch.float32 --> F16, shape = {2560, 8}
INFO:hf-to-gguf:blk.27.inp_gate.weight.lora_b,     torch.float32 --> F16, shape = {8, 256}
INFO:hf-to-gguf:blk.27.proj.weight.lora_a,         torch.float32 --> F16, shape = {256, 8}
INFO:hf-to-gguf:blk.27.proj.weight.lora_b,         torch.float32 --> F16, shape = {8, 2560}
INFO:hf-to-gguf:blk.27.attn_output.weight.lora_a,  torch.float32 --> F16, shape = {2048, 8}
INFO:hf-to-gguf:blk.27.attn_output.weight.lora_b,  torch.float32 --> F16, shape = {8, 2560}
INFO:hf-to-gguf:blk.27.attn_q.weight.lora_a,       torch.float32 --> F16, shape = {2560, 8}
INFO:hf-to-gguf:blk.27.attn_q.weight.lora_b,       torch.float32 --> F16, shape = {8, 2048}
INFO:hf-to-gguf:blk.28.ffn_down.weight.lora_a,     torch.float32 --> F16, shape = {10240, 8}
INFO:hf-to-gguf:blk.28.ffn_down.weight.lora_b,     torch.float32 --> F16, shape = {8, 2560}
INFO:hf-to-gguf:blk.28.ffn_gate.weight.lora_a,     torch.float32 --> F16, shape = {2560, 8}
INFO:hf-to-gguf:blk.28.ffn_gate.weight.lora_b,     torch.float32 --> F16, shape = {8, 10240}
INFO:hf-to-gguf:blk.28.ffn_up.weight.lora_a,       torch.float32 --> F16, shape = {2560, 8}
INFO:hf-to-gguf:blk.28.ffn_up.weight.lora_b,       torch.float32 --> F16, shape = {8, 10240}
INFO:hf-to-gguf:blk.28.inp_gate.weight.lora_a,     torch.float32 --> F16, shape = {2560, 8}
INFO:hf-to-gguf:blk.28.inp_gate.weight.lora_b,     torch.float32 --> F16, shape = {8, 256}
INFO:hf-to-gguf:blk.28.proj.weight.lora_a,         torch.float32 --> F16, shape = {256, 8}
INFO:hf-to-gguf:blk.28.proj.weight.lora_b,         torch.float32 --> F16, shape = {8, 2560}
INFO:hf-to-gguf:blk.28.attn_output.weight.lora_a,  torch.float32 --> F16, shape = {2048, 8}
INFO:hf-to-gguf:blk.28.attn_output.weight.lora_b,  torch.float32 --> F16, shape = {8, 2560}
INFO:hf-to-gguf:blk.28.attn_q.weight.lora_a,       torch.float32 --> F16, shape = {2560, 8}
INFO:hf-to-gguf:blk.28.attn_q.weight.lora_b,       torch.float32 --> F16, shape = {8, 2048}
INFO:hf-to-gguf:blk.29.ffn_down.weight.lora_a,     torch.float32 --> F16, shape = {10240, 8}
INFO:hf-to-gguf:blk.29.ffn_down.weight.lora_b,     torch.float32 --> F16, shape = {8, 2560}
INFO:hf-to-gguf:blk.29.ffn_gate.weight.lora_a,     torch.float32 --> F16, shape = {2560, 8}
INFO:hf-to-gguf:blk.29.ffn_gate.weight.lora_b,     torch.float32 --> F16, shape = {8, 10240}
INFO:hf-to-gguf:blk.29.ffn_up.weight.lora_a,       torch.float32 --> F16, shape = {2560, 8}
INFO:hf-to-gguf:blk.29.ffn_up.weight.lora_b,       torch.float32 --> F16, shape = {8, 10240}
INFO:hf-to-gguf:blk.29.inp_gate.weight.lora_a,     torch.float32 --> F16, shape = {2560, 8}
INFO:hf-to-gguf:blk.29.inp_gate.weight.lora_b,     torch.float32 --> F16, shape = {8, 256}
INFO:hf-to-gguf:blk.29.proj.weight.lora_a,         torch.float32 --> F16, shape = {256, 8}
INFO:hf-to-gguf:blk.29.proj.weight.lora_b,         torch.float32 --> F16, shape = {8, 2560}
INFO:hf-to-gguf:blk.29.attn_output.weight.lora_a,  torch.float32 --> F16, shape = {4096, 8}
INFO:hf-to-gguf:blk.29.attn_output.weight.lora_b,  torch.float32 --> F16, shape = {8, 2560}
INFO:hf-to-gguf:blk.29.attn_q.weight.lora_a,       torch.float32 --> F16, shape = {2560, 8}
INFO:hf-to-gguf:blk.29.attn_q.weight.lora_b,       torch.float32 --> F16, shape = {8, 4096}
INFO:hf-to-gguf:blk.3.ffn_down.weight.lora_a,      torch.float32 --> F16, shape = {10240, 8}
INFO:hf-to-gguf:blk.3.ffn_down.weight.lora_b,      torch.float32 --> F16, shape = {8, 2560}
INFO:hf-to-gguf:blk.3.ffn_gate.weight.lora_a,      torch.float32 --> F16, shape = {2560, 8}
INFO:hf-to-gguf:blk.3.ffn_gate.weight.lora_b,      torch.float32 --> F16, shape = {8, 10240}
INFO:hf-to-gguf:blk.3.ffn_up.weight.lora_a,        torch.float32 --> F16, shape = {2560, 8}
INFO:hf-to-gguf:blk.3.ffn_up.weight.lora_b,        torch.float32 --> F16, shape = {8, 10240}
INFO:hf-to-gguf:blk.3.inp_gate.weight.lora_a,      torch.float32 --> F16, shape = {2560, 8}
INFO:hf-to-gguf:blk.3.inp_gate.weight.lora_b,      torch.float32 --> F16, shape = {8, 256}
INFO:hf-to-gguf:blk.3.proj.weight.lora_a,          torch.float32 --> F16, shape = {256, 8}
INFO:hf-to-gguf:blk.3.proj.weight.lora_b,          torch.float32 --> F16, shape = {8, 2560}
INFO:hf-to-gguf:blk.3.attn_k.weight.lora_a,        torch.float32 --> F16, shape = {2560, 8}
INFO:hf-to-gguf:blk.3.attn_k.weight.lora_b,        torch.float32 --> F16, shape = {8, 512}
INFO:hf-to-gguf:blk.3.attn_output.weight.lora_a,   torch.float32 --> F16, shape = {2048, 8}
INFO:hf-to-gguf:blk.3.attn_output.weight.lora_b,   torch.float32 --> F16, shape = {8, 2560}
INFO:hf-to-gguf:blk.3.attn_q.weight.lora_a,        torch.float32 --> F16, shape = {2560, 8}
INFO:hf-to-gguf:blk.3.attn_q.weight.lora_b,        torch.float32 --> F16, shape = {8, 2048}
INFO:hf-to-gguf:blk.3.attn_v.weight.lora_a,        torch.float32 --> F16, shape = {2560, 8}
INFO:hf-to-gguf:blk.3.attn_v.weight.lora_b,        torch.float32 --> F16, shape = {8, 512}
INFO:hf-to-gguf:blk.30.ffn_down.weight.lora_a,     torch.float32 --> F16, shape = {10240, 8}
INFO:hf-to-gguf:blk.30.ffn_down.weight.lora_b,     torch.float32 --> F16, shape = {8, 2560}
INFO:hf-to-gguf:blk.30.ffn_gate.weight.lora_a,     torch.float32 --> F16, shape = {2560, 8}
INFO:hf-to-gguf:blk.30.ffn_gate.weight.lora_b,     torch.float32 --> F16, shape = {8, 10240}
INFO:hf-to-gguf:blk.30.ffn_up.weight.lora_a,       torch.float32 --> F16, shape = {2560, 8}
INFO:hf-to-gguf:blk.30.ffn_up.weight.lora_b,       torch.float32 --> F16, shape = {8, 10240}
INFO:hf-to-gguf:blk.30.inp_gate.weight.lora_a,     torch.float32 --> F16, shape = {2560, 8}
INFO:hf-to-gguf:blk.30.inp_gate.weight.lora_b,     torch.float32 --> F16, shape = {8, 256}
INFO:hf-to-gguf:blk.30.proj.weight.lora_a,         torch.float32 --> F16, shape = {256, 8}
INFO:hf-to-gguf:blk.30.proj.weight.lora_b,         torch.float32 --> F16, shape = {8, 2560}
INFO:hf-to-gguf:blk.30.attn_output.weight.lora_a,  torch.float32 --> F16, shape = {2048, 8}
INFO:hf-to-gguf:blk.30.attn_output.weight.lora_b,  torch.float32 --> F16, shape = {8, 2560}
INFO:hf-to-gguf:blk.30.attn_q.weight.lora_a,       torch.float32 --> F16, shape = {2560, 8}
INFO:hf-to-gguf:blk.30.attn_q.weight.lora_b,       torch.float32 --> F16, shape = {8, 2048}
INFO:hf-to-gguf:blk.31.ffn_down.weight.lora_a,     torch.float32 --> F16, shape = {10240, 8}
INFO:hf-to-gguf:blk.31.ffn_down.weight.lora_b,     torch.float32 --> F16, shape = {8, 2560}
INFO:hf-to-gguf:blk.31.ffn_gate.weight.lora_a,     torch.float32 --> F16, shape = {2560, 8}
INFO:hf-to-gguf:blk.31.ffn_gate.weight.lora_b,     torch.float32 --> F16, shape = {8, 10240}
INFO:hf-to-gguf:blk.31.ffn_up.weight.lora_a,       torch.float32 --> F16, shape = {2560, 8}
INFO:hf-to-gguf:blk.31.ffn_up.weight.lora_b,       torch.float32 --> F16, shape = {8, 10240}
INFO:hf-to-gguf:blk.31.inp_gate.weight.lora_a,     torch.float32 --> F16, shape = {2560, 8}
INFO:hf-to-gguf:blk.31.inp_gate.weight.lora_b,     torch.float32 --> F16, shape = {8, 256}
INFO:hf-to-gguf:blk.31.proj.weight.lora_a,         torch.float32 --> F16, shape = {256, 8}
INFO:hf-to-gguf:blk.31.proj.weight.lora_b,         torch.float32 --> F16, shape = {8, 2560}
INFO:hf-to-gguf:blk.31.attn_output.weight.lora_a,  torch.float32 --> F16, shape = {2048, 8}
INFO:hf-to-gguf:blk.31.attn_output.weight.lora_b,  torch.float32 --> F16, shape = {8, 2560}
INFO:hf-to-gguf:blk.31.attn_q.weight.lora_a,       torch.float32 --> F16, shape = {2560, 8}
INFO:hf-to-gguf:blk.31.attn_q.weight.lora_b,       torch.float32 --> F16, shape = {8, 2048}
INFO:hf-to-gguf:blk.32.ffn_down.weight.lora_a,     torch.float32 --> F16, shape = {10240, 8}
INFO:hf-to-gguf:blk.32.ffn_down.weight.lora_b,     torch.float32 --> F16, shape = {8, 2560}
INFO:hf-to-gguf:blk.32.ffn_gate.weight.lora_a,     torch.float32 --> F16, shape = {2560, 8}
INFO:hf-to-gguf:blk.32.ffn_gate.weight.lora_b,     torch.float32 --> F16, shape = {8, 10240}
INFO:hf-to-gguf:blk.32.ffn_up.weight.lora_a,       torch.float32 --> F16, shape = {2560, 8}
INFO:hf-to-gguf:blk.32.ffn_up.weight.lora_b,       torch.float32 --> F16, shape = {8, 10240}
INFO:hf-to-gguf:blk.32.inp_gate.weight.lora_a,     torch.float32 --> F16, shape = {2560, 8}
INFO:hf-to-gguf:blk.32.inp_gate.weight.lora_b,     torch.float32 --> F16, shape = {8, 256}
INFO:hf-to-gguf:blk.32.proj.weight.lora_a,         torch.float32 --> F16, shape = {256, 8}
INFO:hf-to-gguf:blk.32.proj.weight.lora_b,         torch.float32 --> F16, shape = {8, 2560}
INFO:hf-to-gguf:blk.32.attn_output.weight.lora_a,  torch.float32 --> F16, shape = {2048, 8}
INFO:hf-to-gguf:blk.32.attn_output.weight.lora_b,  torch.float32 --> F16, shape = {8, 2560}
INFO:hf-to-gguf:blk.32.attn_q.weight.lora_a,       torch.float32 --> F16, shape = {2560, 8}
INFO:hf-to-gguf:blk.32.attn_q.weight.lora_b,       torch.float32 --> F16, shape = {8, 2048}
INFO:hf-to-gguf:blk.33.ffn_down.weight.lora_a,     torch.float32 --> F16, shape = {10240, 8}
INFO:hf-to-gguf:blk.33.ffn_down.weight.lora_b,     torch.float32 --> F16, shape = {8, 2560}
INFO:hf-to-gguf:blk.33.ffn_gate.weight.lora_a,     torch.float32 --> F16, shape = {2560, 8}
INFO:hf-to-gguf:blk.33.ffn_gate.weight.lora_b,     torch.float32 --> F16, shape = {8, 10240}
INFO:hf-to-gguf:blk.33.ffn_up.weight.lora_a,       torch.float32 --> F16, shape = {2560, 8}
INFO:hf-to-gguf:blk.33.ffn_up.weight.lora_b,       torch.float32 --> F16, shape = {8, 10240}
INFO:hf-to-gguf:blk.33.inp_gate.weight.lora_a,     torch.float32 --> F16, shape = {2560, 8}
INFO:hf-to-gguf:blk.33.inp_gate.weight.lora_b,     torch.float32 --> F16, shape = {8, 256}
INFO:hf-to-gguf:blk.33.proj.weight.lora_a,         torch.float32 --> F16, shape = {256, 8}
INFO:hf-to-gguf:blk.33.proj.weight.lora_b,         torch.float32 --> F16, shape = {8, 2560}
INFO:hf-to-gguf:blk.33.attn_output.weight.lora_a,  torch.float32 --> F16, shape = {2048, 8}
INFO:hf-to-gguf:blk.33.attn_output.weight.lora_b,  torch.float32 --> F16, shape = {8, 2560}
INFO:hf-to-gguf:blk.33.attn_q.weight.lora_a,       torch.float32 --> F16, shape = {2560, 8}
INFO:hf-to-gguf:blk.33.attn_q.weight.lora_b,       torch.float32 --> F16, shape = {8, 2048}
INFO:hf-to-gguf:blk.34.ffn_down.weight.lora_a,     torch.float32 --> F16, shape = {10240, 8}
INFO:hf-to-gguf:blk.34.ffn_down.weight.lora_b,     torch.float32 --> F16, shape = {8, 2560}
INFO:hf-to-gguf:blk.34.ffn_gate.weight.lora_a,     torch.float32 --> F16, shape = {2560, 8}
INFO:hf-to-gguf:blk.34.ffn_gate.weight.lora_b,     torch.float32 --> F16, shape = {8, 10240}
INFO:hf-to-gguf:blk.34.ffn_up.weight.lora_a,       torch.float32 --> F16, shape = {2560, 8}
INFO:hf-to-gguf:blk.34.ffn_up.weight.lora_b,       torch.float32 --> F16, shape = {8, 10240}
INFO:hf-to-gguf:blk.34.inp_gate.weight.lora_a,     torch.float32 --> F16, shape = {2560, 8}
INFO:hf-to-gguf:blk.34.inp_gate.weight.lora_b,     torch.float32 --> F16, shape = {8, 256}
INFO:hf-to-gguf:blk.34.proj.weight.lora_a,         torch.float32 --> F16, shape = {256, 8}
INFO:hf-to-gguf:blk.34.proj.weight.lora_b,         torch.float32 --> F16, shape = {8, 2560}
INFO:hf-to-gguf:blk.34.attn_output.weight.lora_a,  torch.float32 --> F16, shape = {2048, 8}
INFO:hf-to-gguf:blk.34.attn_output.weight.lora_b,  torch.float32 --> F16, shape = {8, 2560}
INFO:hf-to-gguf:blk.34.attn_q.weight.lora_a,       torch.float32 --> F16, shape = {2560, 8}
INFO:hf-to-gguf:blk.34.attn_q.weight.lora_b,       torch.float32 --> F16, shape = {8, 2048}
INFO:hf-to-gguf:blk.35.ffn_down.weight.lora_a,     torch.float32 --> F16, shape = {10240, 8}
INFO:hf-to-gguf:blk.35.ffn_down.weight.lora_b,     torch.float32 --> F16, shape = {8, 2560}
INFO:hf-to-gguf:blk.35.ffn_gate.weight.lora_a,     torch.float32 --> F16, shape = {2560, 8}
INFO:hf-to-gguf:blk.35.ffn_gate.weight.lora_b,     torch.float32 --> F16, shape = {8, 10240}
INFO:hf-to-gguf:blk.35.ffn_up.weight.lora_a,       torch.float32 --> F16, shape = {2560, 8}
INFO:hf-to-gguf:blk.35.ffn_up.weight.lora_b,       torch.float32 --> F16, shape = {8, 10240}
INFO:hf-to-gguf:blk.35.inp_gate.weight.lora_a,     torch.float32 --> F16, shape = {2560, 8}
INFO:hf-to-gguf:blk.35.inp_gate.weight.lora_b,     torch.float32 --> F16, shape = {8, 256}
INFO:hf-to-gguf:blk.35.proj.weight.lora_a,         torch.float32 --> F16, shape = {256, 8}
INFO:hf-to-gguf:blk.35.proj.weight.lora_b,         torch.float32 --> F16, shape = {8, 2560}
INFO:hf-to-gguf:blk.35.attn_output.weight.lora_a,  torch.float32 --> F16, shape = {4096, 8}
INFO:hf-to-gguf:blk.35.attn_output.weight.lora_b,  torch.float32 --> F16, shape = {8, 2560}
INFO:hf-to-gguf:blk.35.attn_q.weight.lora_a,       torch.float32 --> F16, shape = {2560, 8}
INFO:hf-to-gguf:blk.35.attn_q.weight.lora_b,       torch.float32 --> F16, shape = {8, 4096}
INFO:hf-to-gguf:blk.36.ffn_down.weight.lora_a,     torch.float32 --> F16, shape = {10240, 8}
INFO:hf-to-gguf:blk.36.ffn_down.weight.lora_b,     torch.float32 --> F16, shape = {8, 2560}
INFO:hf-to-gguf:blk.36.ffn_gate.weight.lora_a,     torch.float32 --> F16, shape = {2560, 8}
INFO:hf-to-gguf:blk.36.ffn_gate.weight.lora_b,     torch.float32 --> F16, shape = {8, 10240}
INFO:hf-to-gguf:blk.36.ffn_up.weight.lora_a,       torch.float32 --> F16, shape = {2560, 8}
INFO:hf-to-gguf:blk.36.ffn_up.weight.lora_b,       torch.float32 --> F16, shape = {8, 10240}
INFO:hf-to-gguf:blk.36.inp_gate.weight.lora_a,     torch.float32 --> F16, shape = {2560, 8}
INFO:hf-to-gguf:blk.36.inp_gate.weight.lora_b,     torch.float32 --> F16, shape = {8, 256}
INFO:hf-to-gguf:blk.36.proj.weight.lora_a,         torch.float32 --> F16, shape = {256, 8}
INFO:hf-to-gguf:blk.36.proj.weight.lora_b,         torch.float32 --> F16, shape = {8, 2560}
INFO:hf-to-gguf:blk.36.attn_output.weight.lora_a,  torch.float32 --> F16, shape = {2048, 8}
INFO:hf-to-gguf:blk.36.attn_output.weight.lora_b,  torch.float32 --> F16, shape = {8, 2560}
INFO:hf-to-gguf:blk.36.attn_q.weight.lora_a,       torch.float32 --> F16, shape = {2560, 8}
INFO:hf-to-gguf:blk.36.attn_q.weight.lora_b,       torch.float32 --> F16, shape = {8, 2048}
INFO:hf-to-gguf:blk.37.ffn_down.weight.lora_a,     torch.float32 --> F16, shape = {10240, 8}
INFO:hf-to-gguf:blk.37.ffn_down.weight.lora_b,     torch.float32 --> F16, shape = {8, 2560}
INFO:hf-to-gguf:blk.37.ffn_gate.weight.lora_a,     torch.float32 --> F16, shape = {2560, 8}
INFO:hf-to-gguf:blk.37.ffn_gate.weight.lora_b,     torch.float32 --> F16, shape = {8, 10240}
INFO:hf-to-gguf:blk.37.ffn_up.weight.lora_a,       torch.float32 --> F16, shape = {2560, 8}
INFO:hf-to-gguf:blk.37.ffn_up.weight.lora_b,       torch.float32 --> F16, shape = {8, 10240}
INFO:hf-to-gguf:blk.37.inp_gate.weight.lora_a,     torch.float32 --> F16, shape = {2560, 8}
INFO:hf-to-gguf:blk.37.inp_gate.weight.lora_b,     torch.float32 --> F16, shape = {8, 256}
INFO:hf-to-gguf:blk.37.proj.weight.lora_a,         torch.float32 --> F16, shape = {256, 8}
INFO:hf-to-gguf:blk.37.proj.weight.lora_b,         torch.float32 --> F16, shape = {8, 2560}
INFO:hf-to-gguf:blk.37.attn_output.weight.lora_a,  torch.float32 --> F16, shape = {2048, 8}
INFO:hf-to-gguf:blk.37.attn_output.weight.lora_b,  torch.float32 --> F16, shape = {8, 2560}
INFO:hf-to-gguf:blk.37.attn_q.weight.lora_a,       torch.float32 --> F16, shape = {2560, 8}
INFO:hf-to-gguf:blk.37.attn_q.weight.lora_b,       torch.float32 --> F16, shape = {8, 2048}
INFO:hf-to-gguf:blk.38.ffn_down.weight.lora_a,     torch.float32 --> F16, shape = {10240, 8}
INFO:hf-to-gguf:blk.38.ffn_down.weight.lora_b,     torch.float32 --> F16, shape = {8, 2560}
INFO:hf-to-gguf:blk.38.ffn_gate.weight.lora_a,     torch.float32 --> F16, shape = {2560, 8}
INFO:hf-to-gguf:blk.38.ffn_gate.weight.lora_b,     torch.float32 --> F16, shape = {8, 10240}
INFO:hf-to-gguf:blk.38.ffn_up.weight.lora_a,       torch.float32 --> F16, shape = {2560, 8}
INFO:hf-to-gguf:blk.38.ffn_up.weight.lora_b,       torch.float32 --> F16, shape = {8, 10240}
INFO:hf-to-gguf:blk.38.inp_gate.weight.lora_a,     torch.float32 --> F16, shape = {2560, 8}
INFO:hf-to-gguf:blk.38.inp_gate.weight.lora_b,     torch.float32 --> F16, shape = {8, 256}
INFO:hf-to-gguf:blk.38.proj.weight.lora_a,         torch.float32 --> F16, shape = {256, 8}
INFO:hf-to-gguf:blk.38.proj.weight.lora_b,         torch.float32 --> F16, shape = {8, 2560}
INFO:hf-to-gguf:blk.38.attn_output.weight.lora_a,  torch.float32 --> F16, shape = {2048, 8}
INFO:hf-to-gguf:blk.38.attn_output.weight.lora_b,  torch.float32 --> F16, shape = {8, 2560}
INFO:hf-to-gguf:blk.38.attn_q.weight.lora_a,       torch.float32 --> F16, shape = {2560, 8}
INFO:hf-to-gguf:blk.38.attn_q.weight.lora_b,       torch.float32 --> F16, shape = {8, 2048}
INFO:hf-to-gguf:blk.39.ffn_down.weight.lora_a,     torch.float32 --> F16, shape = {10240, 8}
INFO:hf-to-gguf:blk.39.ffn_down.weight.lora_b,     torch.float32 --> F16, shape = {8, 2560}
INFO:hf-to-gguf:blk.39.ffn_gate.weight.lora_a,     torch.float32 --> F16, shape = {2560, 8}
INFO:hf-to-gguf:blk.39.ffn_gate.weight.lora_b,     torch.float32 --> F16, shape = {8, 10240}
INFO:hf-to-gguf:blk.39.ffn_up.weight.lora_a,       torch.float32 --> F16, shape = {2560, 8}
INFO:hf-to-gguf:blk.39.ffn_up.weight.lora_b,       torch.float32 --> F16, shape = {8, 10240}
INFO:hf-to-gguf:blk.39.inp_gate.weight.lora_a,     torch.float32 --> F16, shape = {2560, 8}
INFO:hf-to-gguf:blk.39.inp_gate.weight.lora_b,     torch.float32 --> F16, shape = {8, 256}
INFO:hf-to-gguf:blk.39.proj.weight.lora_a,         torch.float32 --> F16, shape = {256, 8}
INFO:hf-to-gguf:blk.39.proj.weight.lora_b,         torch.float32 --> F16, shape = {8, 2560}
INFO:hf-to-gguf:blk.39.attn_output.weight.lora_a,  torch.float32 --> F16, shape = {2048, 8}
INFO:hf-to-gguf:blk.39.attn_output.weight.lora_b,  torch.float32 --> F16, shape = {8, 2560}
INFO:hf-to-gguf:blk.39.attn_q.weight.lora_a,       torch.float32 --> F16, shape = {2560, 8}
INFO:hf-to-gguf:blk.39.attn_q.weight.lora_b,       torch.float32 --> F16, shape = {8, 2048}
INFO:hf-to-gguf:blk.4.ffn_down.weight.lora_a,      torch.float32 --> F16, shape = {10240, 8}
INFO:hf-to-gguf:blk.4.ffn_down.weight.lora_b,      torch.float32 --> F16, shape = {8, 2560}
INFO:hf-to-gguf:blk.4.ffn_gate.weight.lora_a,      torch.float32 --> F16, shape = {2560, 8}
INFO:hf-to-gguf:blk.4.ffn_gate.weight.lora_b,      torch.float32 --> F16, shape = {8, 10240}
INFO:hf-to-gguf:blk.4.ffn_up.weight.lora_a,        torch.float32 --> F16, shape = {2560, 8}
INFO:hf-to-gguf:blk.4.ffn_up.weight.lora_b,        torch.float32 --> F16, shape = {8, 10240}
INFO:hf-to-gguf:blk.4.inp_gate.weight.lora_a,      torch.float32 --> F16, shape = {2560, 8}
INFO:hf-to-gguf:blk.4.inp_gate.weight.lora_b,      torch.float32 --> F16, shape = {8, 256}
INFO:hf-to-gguf:blk.4.proj.weight.lora_a,          torch.float32 --> F16, shape = {256, 8}
INFO:hf-to-gguf:blk.4.proj.weight.lora_b,          torch.float32 --> F16, shape = {8, 2560}
INFO:hf-to-gguf:blk.4.attn_k.weight.lora_a,        torch.float32 --> F16, shape = {2560, 8}
INFO:hf-to-gguf:blk.4.attn_k.weight.lora_b,        torch.float32 --> F16, shape = {8, 512}
INFO:hf-to-gguf:blk.4.attn_output.weight.lora_a,   torch.float32 --> F16, shape = {2048, 8}
INFO:hf-to-gguf:blk.4.attn_output.weight.lora_b,   torch.float32 --> F16, shape = {8, 2560}
INFO:hf-to-gguf:blk.4.attn_q.weight.lora_a,        torch.float32 --> F16, shape = {2560, 8}
INFO:hf-to-gguf:blk.4.attn_q.weight.lora_b,        torch.float32 --> F16, shape = {8, 2048}
INFO:hf-to-gguf:blk.4.attn_v.weight.lora_a,        torch.float32 --> F16, shape = {2560, 8}
INFO:hf-to-gguf:blk.4.attn_v.weight.lora_b,        torch.float32 --> F16, shape = {8, 512}
INFO:hf-to-gguf:blk.40.ffn_down.weight.lora_a,     torch.float32 --> F16, shape = {10240, 8}
INFO:hf-to-gguf:blk.40.ffn_down.weight.lora_b,     torch.float32 --> F16, shape = {8, 2560}
INFO:hf-to-gguf:blk.40.ffn_gate.weight.lora_a,     torch.float32 --> F16, shape = {2560, 8}
INFO:hf-to-gguf:blk.40.ffn_gate.weight.lora_b,     torch.float32 --> F16, shape = {8, 10240}
INFO:hf-to-gguf:blk.40.ffn_up.weight.lora_a,       torch.float32 --> F16, shape = {2560, 8}
INFO:hf-to-gguf:blk.40.ffn_up.weight.lora_b,       torch.float32 --> F16, shape = {8, 10240}
INFO:hf-to-gguf:blk.40.inp_gate.weight.lora_a,     torch.float32 --> F16, shape = {2560, 8}
INFO:hf-to-gguf:blk.40.inp_gate.weight.lora_b,     torch.float32 --> F16, shape = {8, 256}
INFO:hf-to-gguf:blk.40.proj.weight.lora_a,         torch.float32 --> F16, shape = {256, 8}
INFO:hf-to-gguf:blk.40.proj.weight.lora_b,         torch.float32 --> F16, shape = {8, 2560}
INFO:hf-to-gguf:blk.40.attn_output.weight.lora_a,  torch.float32 --> F16, shape = {2048, 8}
INFO:hf-to-gguf:blk.40.attn_output.weight.lora_b,  torch.float32 --> F16, shape = {8, 2560}
INFO:hf-to-gguf:blk.40.attn_q.weight.lora_a,       torch.float32 --> F16, shape = {2560, 8}
INFO:hf-to-gguf:blk.40.attn_q.weight.lora_b,       torch.float32 --> F16, shape = {8, 2048}
INFO:hf-to-gguf:blk.41.ffn_down.weight.lora_a,     torch.float32 --> F16, shape = {10240, 8}
INFO:hf-to-gguf:blk.41.ffn_down.weight.lora_b,     torch.float32 --> F16, shape = {8, 2560}
INFO:hf-to-gguf:blk.41.ffn_gate.weight.lora_a,     torch.float32 --> F16, shape = {2560, 8}
INFO:hf-to-gguf:blk.41.ffn_gate.weight.lora_b,     torch.float32 --> F16, shape = {8, 10240}
INFO:hf-to-gguf:blk.41.ffn_up.weight.lora_a,       torch.float32 --> F16, shape = {2560, 8}
INFO:hf-to-gguf:blk.41.ffn_up.weight.lora_b,       torch.float32 --> F16, shape = {8, 10240}
INFO:hf-to-gguf:blk.41.inp_gate.weight.lora_a,     torch.float32 --> F16, shape = {2560, 8}
INFO:hf-to-gguf:blk.41.inp_gate.weight.lora_b,     torch.float32 --> F16, shape = {8, 256}
INFO:hf-to-gguf:blk.41.proj.weight.lora_a,         torch.float32 --> F16, shape = {256, 8}
INFO:hf-to-gguf:blk.41.proj.weight.lora_b,         torch.float32 --> F16, shape = {8, 2560}
INFO:hf-to-gguf:blk.41.attn_output.weight.lora_a,  torch.float32 --> F16, shape = {4096, 8}
INFO:hf-to-gguf:blk.41.attn_output.weight.lora_b,  torch.float32 --> F16, shape = {8, 2560}
INFO:hf-to-gguf:blk.41.attn_q.weight.lora_a,       torch.float32 --> F16, shape = {2560, 8}
INFO:hf-to-gguf:blk.41.attn_q.weight.lora_b,       torch.float32 --> F16, shape = {8, 4096}
INFO:hf-to-gguf:blk.5.ffn_down.weight.lora_a,      torch.float32 --> F16, shape = {10240, 8}
INFO:hf-to-gguf:blk.5.ffn_down.weight.lora_b,      torch.float32 --> F16, shape = {8, 2560}
INFO:hf-to-gguf:blk.5.ffn_gate.weight.lora_a,      torch.float32 --> F16, shape = {2560, 8}
INFO:hf-to-gguf:blk.5.ffn_gate.weight.lora_b,      torch.float32 --> F16, shape = {8, 10240}
INFO:hf-to-gguf:blk.5.ffn_up.weight.lora_a,        torch.float32 --> F16, shape = {2560, 8}
INFO:hf-to-gguf:blk.5.ffn_up.weight.lora_b,        torch.float32 --> F16, shape = {8, 10240}
INFO:hf-to-gguf:blk.5.inp_gate.weight.lora_a,      torch.float32 --> F16, shape = {2560, 8}
INFO:hf-to-gguf:blk.5.inp_gate.weight.lora_b,      torch.float32 --> F16, shape = {8, 256}
INFO:hf-to-gguf:blk.5.proj.weight.lora_a,          torch.float32 --> F16, shape = {256, 8}
INFO:hf-to-gguf:blk.5.proj.weight.lora_b,          torch.float32 --> F16, shape = {8, 2560}
INFO:hf-to-gguf:blk.5.attn_k.weight.lora_a,        torch.float32 --> F16, shape = {2560, 8}
INFO:hf-to-gguf:blk.5.attn_k.weight.lora_b,        torch.float32 --> F16, shape = {8, 1024}
INFO:hf-to-gguf:blk.5.attn_output.weight.lora_a,   torch.float32 --> F16, shape = {4096, 8}
INFO:hf-to-gguf:blk.5.attn_output.weight.lora_b,   torch.float32 --> F16, shape = {8, 2560}
INFO:hf-to-gguf:blk.5.attn_q.weight.lora_a,        torch.float32 --> F16, shape = {2560, 8}
INFO:hf-to-gguf:blk.5.attn_q.weight.lora_b,        torch.float32 --> F16, shape = {8, 4096}
INFO:hf-to-gguf:blk.5.attn_v.weight.lora_a,        torch.float32 --> F16, shape = {2560, 8}
INFO:hf-to-gguf:blk.5.attn_v.weight.lora_b,        torch.float32 --> F16, shape = {8, 1024}
INFO:hf-to-gguf:blk.6.ffn_down.weight.lora_a,      torch.float32 --> F16, shape = {10240, 8}
INFO:hf-to-gguf:blk.6.ffn_down.weight.lora_b,      torch.float32 --> F16, shape = {8, 2560}
INFO:hf-to-gguf:blk.6.ffn_gate.weight.lora_a,      torch.float32 --> F16, shape = {2560, 8}
INFO:hf-to-gguf:blk.6.ffn_gate.weight.lora_b,      torch.float32 --> F16, shape = {8, 10240}
INFO:hf-to-gguf:blk.6.ffn_up.weight.lora_a,        torch.float32 --> F16, shape = {2560, 8}
INFO:hf-to-gguf:blk.6.ffn_up.weight.lora_b,        torch.float32 --> F16, shape = {8, 10240}
INFO:hf-to-gguf:blk.6.inp_gate.weight.lora_a,      torch.float32 --> F16, shape = {2560, 8}
INFO:hf-to-gguf:blk.6.inp_gate.weight.lora_b,      torch.float32 --> F16, shape = {8, 256}
INFO:hf-to-gguf:blk.6.proj.weight.lora_a,          torch.float32 --> F16, shape = {256, 8}
INFO:hf-to-gguf:blk.6.proj.weight.lora_b,          torch.float32 --> F16, shape = {8, 2560}
INFO:hf-to-gguf:blk.6.attn_k.weight.lora_a,        torch.float32 --> F16, shape = {2560, 8}
INFO:hf-to-gguf:blk.6.attn_k.weight.lora_b,        torch.float32 --> F16, shape = {8, 512}
INFO:hf-to-gguf:blk.6.attn_output.weight.lora_a,   torch.float32 --> F16, shape = {2048, 8}
INFO:hf-to-gguf:blk.6.attn_output.weight.lora_b,   torch.float32 --> F16, shape = {8, 2560}
INFO:hf-to-gguf:blk.6.attn_q.weight.lora_a,        torch.float32 --> F16, shape = {2560, 8}
INFO:hf-to-gguf:blk.6.attn_q.weight.lora_b,        torch.float32 --> F16, shape = {8, 2048}
INFO:hf-to-gguf:blk.6.attn_v.weight.lora_a,        torch.float32 --> F16, shape = {2560, 8}
INFO:hf-to-gguf:blk.6.attn_v.weight.lora_b,        torch.float32 --> F16, shape = {8, 512}
INFO:hf-to-gguf:blk.7.ffn_down.weight.lora_a,      torch.float32 --> F16, shape = {10240, 8}
INFO:hf-to-gguf:blk.7.ffn_down.weight.lora_b,      torch.float32 --> F16, shape = {8, 2560}
INFO:hf-to-gguf:blk.7.ffn_gate.weight.lora_a,      torch.float32 --> F16, shape = {2560, 8}
INFO:hf-to-gguf:blk.7.ffn_gate.weight.lora_b,      torch.float32 --> F16, shape = {8, 10240}
INFO:hf-to-gguf:blk.7.ffn_up.weight.lora_a,        torch.float32 --> F16, shape = {2560, 8}
INFO:hf-to-gguf:blk.7.ffn_up.weight.lora_b,        torch.float32 --> F16, shape = {8, 10240}
INFO:hf-to-gguf:blk.7.inp_gate.weight.lora_a,      torch.float32 --> F16, shape = {2560, 8}
INFO:hf-to-gguf:blk.7.inp_gate.weight.lora_b,      torch.float32 --> F16, shape = {8, 256}
INFO:hf-to-gguf:blk.7.proj.weight.lora_a,          torch.float32 --> F16, shape = {256, 8}
INFO:hf-to-gguf:blk.7.proj.weight.lora_b,          torch.float32 --> F16, shape = {8, 2560}
INFO:hf-to-gguf:blk.7.attn_k.weight.lora_a,        torch.float32 --> F16, shape = {2560, 8}
INFO:hf-to-gguf:blk.7.attn_k.weight.lora_b,        torch.float32 --> F16, shape = {8, 512}
INFO:hf-to-gguf:blk.7.attn_output.weight.lora_a,   torch.float32 --> F16, shape = {2048, 8}
INFO:hf-to-gguf:blk.7.attn_output.weight.lora_b,   torch.float32 --> F16, shape = {8, 2560}
INFO:hf-to-gguf:blk.7.attn_q.weight.lora_a,        torch.float32 --> F16, shape = {2560, 8}
INFO:hf-to-gguf:blk.7.attn_q.weight.lora_b,        torch.float32 --> F16, shape = {8, 2048}
INFO:hf-to-gguf:blk.7.attn_v.weight.lora_a,        torch.float32 --> F16, shape = {2560, 8}
INFO:hf-to-gguf:blk.7.attn_v.weight.lora_b,        torch.float32 --> F16, shape = {8, 512}
INFO:hf-to-gguf:blk.8.ffn_down.weight.lora_a,      torch.float32 --> F16, shape = {10240, 8}
INFO:hf-to-gguf:blk.8.ffn_down.weight.lora_b,      torch.float32 --> F16, shape = {8, 2560}
INFO:hf-to-gguf:blk.8.ffn_gate.weight.lora_a,      torch.float32 --> F16, shape = {2560, 8}
INFO:hf-to-gguf:blk.8.ffn_gate.weight.lora_b,      torch.float32 --> F16, shape = {8, 10240}
INFO:hf-to-gguf:blk.8.ffn_up.weight.lora_a,        torch.float32 --> F16, shape = {2560, 8}
INFO:hf-to-gguf:blk.8.ffn_up.weight.lora_b,        torch.float32 --> F16, shape = {8, 10240}
INFO:hf-to-gguf:blk.8.inp_gate.weight.lora_a,      torch.float32 --> F16, shape = {2560, 8}
INFO:hf-to-gguf:blk.8.inp_gate.weight.lora_b,      torch.float32 --> F16, shape = {8, 256}
INFO:hf-to-gguf:blk.8.proj.weight.lora_a,          torch.float32 --> F16, shape = {256, 8}
INFO:hf-to-gguf:blk.8.proj.weight.lora_b,          torch.float32 --> F16, shape = {8, 2560}
INFO:hf-to-gguf:blk.8.attn_k.weight.lora_a,        torch.float32 --> F16, shape = {2560, 8}
INFO:hf-to-gguf:blk.8.attn_k.weight.lora_b,        torch.float32 --> F16, shape = {8, 512}
INFO:hf-to-gguf:blk.8.attn_output.weight.lora_a,   torch.float32 --> F16, shape = {2048, 8}
INFO:hf-to-gguf:blk.8.attn_output.weight.lora_b,   torch.float32 --> F16, shape = {8, 2560}
INFO:hf-to-gguf:blk.8.attn_q.weight.lora_a,        torch.float32 --> F16, shape = {2560, 8}
INFO:hf-to-gguf:blk.8.attn_q.weight.lora_b,        torch.float32 --> F16, shape = {8, 2048}
INFO:hf-to-gguf:blk.8.attn_v.weight.lora_a,        torch.float32 --> F16, shape = {2560, 8}
INFO:hf-to-gguf:blk.8.attn_v.weight.lora_b,        torch.float32 --> F16, shape = {8, 512}
INFO:hf-to-gguf:blk.9.ffn_down.weight.lora_a,      torch.float32 --> F16, shape = {10240, 8}
INFO:hf-to-gguf:blk.9.ffn_down.weight.lora_b,      torch.float32 --> F16, shape = {8, 2560}
INFO:hf-to-gguf:blk.9.ffn_gate.weight.lora_a,      torch.float32 --> F16, shape = {2560, 8}
INFO:hf-to-gguf:blk.9.ffn_gate.weight.lora_b,      torch.float32 --> F16, shape = {8, 10240}
INFO:hf-to-gguf:blk.9.ffn_up.weight.lora_a,        torch.float32 --> F16, shape = {2560, 8}
INFO:hf-to-gguf:blk.9.ffn_up.weight.lora_b,        torch.float32 --> F16, shape = {8, 10240}
INFO:hf-to-gguf:blk.9.inp_gate.weight.lora_a,      torch.float32 --> F16, shape = {2560, 8}
INFO:hf-to-gguf:blk.9.inp_gate.weight.lora_b,      torch.float32 --> F16, shape = {8, 256}
INFO:hf-to-gguf:blk.9.proj.weight.lora_a,          torch.float32 --> F16, shape = {256, 8}
INFO:hf-to-gguf:blk.9.proj.weight.lora_b,          torch.float32 --> F16, shape = {8, 2560}
INFO:hf-to-gguf:blk.9.attn_k.weight.lora_a,        torch.float32 --> F16, shape = {2560, 8}
INFO:hf-to-gguf:blk.9.attn_k.weight.lora_b,        torch.float32 --> F16, shape = {8, 512}
INFO:hf-to-gguf:blk.9.attn_output.weight.lora_a,   torch.float32 --> F16, shape = {2048, 8}
INFO:hf-to-gguf:blk.9.attn_output.weight.lora_b,   torch.float32 --> F16, shape = {8, 2560}
INFO:hf-to-gguf:blk.9.attn_q.weight.lora_a,        torch.float32 --> F16, shape = {2560, 8}
INFO:hf-to-gguf:blk.9.attn_q.weight.lora_b,        torch.float32 --> F16, shape = {8, 2048}
INFO:hf-to-gguf:blk.9.attn_v.weight.lora_a,        torch.float32 --> F16, shape = {2560, 8}
INFO:hf-to-gguf:blk.9.attn_v.weight.lora_b,        torch.float32 --> F16, shape = {8, 512}
INFO:hf-to-gguf:per_layer_model_proj.weight.lora_a, torch.float32 --> F16, shape = {2560, 8}
INFO:hf-to-gguf:per_layer_model_proj.weight.lora_b, torch.float32 --> F16, shape = {8, 10752}
INFO:hf-to-gguf:Set meta model
INFO:hf-to-gguf:Set model parameters
INFO:hf-to-gguf:Set model quantization version
INFO:hf-to-gguf:Set model tokenizer
INFO:gguf.gguf_writer:Writing the following files:
INFO:gguf.gguf_writer:/Users/julianschmidt/train-corpus/code-corpus/deployment/gemma4-e4b-julian-latest/adapter.gguf: n_tensors = 686, total_size = 38.9M

Writing:   0%|          | 0.00/38.9M [00:00<?, ?byte/s]
Writing: 100%|██████████| 38.9M/38.9M [00:00<00:00, 1.87Gbyte/s]
INFO:lora-to-gguf:Model successfully exported to /Users/julianschmidt/train-corpus/code-corpus/deployment/gemma4-e4b-julian-latest/adapter.gguf
